[bbs.super-deel.site/dhan/index.html]
[backblue.gif]
[fade.gif]
[index.html]
[bbs.super-deel.site/dhan/static/polls/img/favicon.png]
[bbs.super-deel.site/dhan/static/polls/css/bootstrap.min.css]
[bbs.super-deel.site/dhan/static/polls/css/style.css]
[bbs.super-deel.site/dhan/code.jquery.com/jquery-3.7.1.js]
[bbs.super-deel.site/dhan/static/polls/bars.svg]
[bbs.super-deel.site/dhan/static/polls/img/logo.png]
[bbs.super-deel.site/dhan/external452e452e452e452e452e452e452e452e452e452e.html]
[bbs.super-deel.site/dhan/static/polls/img/top-bg.jpg]
[bbs.super-deel.site/dhan/static/polls/img/banner1.jpg]
[bbs.super-deel.site/dhan/static/polls/img/banner2.jpg]
[bbs.super-deel.site/dhan/static/polls/img/banner3.jpg]
[bbs.super-deel.site/dhan/static/polls/clock.svg]
[bbs.super-deel.site/dhan/polls/product/2.html]
[bbs.super-deel.site/dhan/media/polls/images/download_1FyV89M.jpg]
[bbs.super-deel.site/dhan/static/polls/img/SwOvZ3r.png]
[bbs.super-deel.site/dhan/polls/product/3.html]
[bbs.super-deel.site/dhan/media/polls/images/1.jpg]
[bbs.super-deel.site/dhan/polls/product/4.html]
[bbs.super-deel.site/dhan/media/polls/images/1_V2EL4rN.jpg]
[bbs.super-deel.site/dhan/polls/product/5.html]
[bbs.super-deel.site/dhan/media/polls/images/1_K0qXlfS.jpg]
[bbs.super-deel.site/dhan/polls/product/6.html]
[bbs.super-deel.site/dhan/media/polls/images/1-2.jpg]
[bbs.super-deel.site/dhan/polls/product/7.html]
[bbs.super-deel.site/dhan/media/polls/images/1_T3Y7ycT.jpg]
[bbs.super-deel.site/dhan/polls/product/10.html]
[bbs.super-deel.site/dhan/media/polls/images/1_QmSRoN0.jpg]
[bbs.super-deel.site/dhan/polls/product/11.html]
[bbs.super-deel.site/dhan/media/polls/images/1_KAFXgz5.jpg]
[bbs.super-deel.site/dhan/polls/product/12.html]
[bbs.super-deel.site/dhan/media/polls/images/1_gG7QDr5.jpg]
[bbs.super-deel.site/dhan/polls/product/13.html]
[bbs.super-deel.site/dhan/media/polls/images/1_gn2BPB1.jpg]
[bbs.super-deel.site/dhan/polls/product/14.html]
[bbs.super-deel.site/dhan/media/polls/images/1_kikGe33.jpg]
[bbs.super-deel.site/dhan/polls/product/15.html]
[bbs.super-deel.site/dhan/media/polls/images/1_oZvgTXs.jpg]
[bbs.super-deel.site/dhan/polls/product/16.html]
[bbs.super-deel.site/dhan/media/polls/images/1_cHsemUs.jpg]
[bbs.super-deel.site/dhan/polls/product/17.html]
[bbs.super-deel.site/dhan/media/polls/images/1_pVKC8qk.jpg]
[bbs.super-deel.site/dhan/polls/product/18.html]
[bbs.super-deel.site/dhan/media/polls/images/1_xXoqJXS.jpg]
[bbs.super-deel.site/dhan/polls/product/19.html]
[bbs.super-deel.site/dhan/media/polls/images/1_MgiCTtn.jpg]
[bbs.super-deel.site/dhan/polls/product/20.html]
[bbs.super-deel.site/dhan/media/polls/images/1_a7H0Qb3.jpg]
[bbs.super-deel.site/dhan/polls/product/21.html]
[bbs.super-deel.site/dhan/media/polls/images/1_jOSVO6G.jpg]
[bbs.super-deel.site/dhan/polls/product/22.html]
[bbs.super-deel.site/dhan/media/polls/images/1_N2MK8fl.jpg]
[bbs.super-deel.site/dhan/polls/product/23.html]
[bbs.super-deel.site/dhan/media/polls/images/1_ukycp0t.jpg]
[bbs.super-deel.site/dhan/polls/product/25.html]
[bbs.super-deel.site/dhan/media/polls/images/1_gEU3NVb.jpg]
[bbs.super-deel.site/dhan/polls/product/26.html]
[bbs.super-deel.site/dhan/media/polls/images/1_q1Yo7QJ.jpg]
[bbs.super-deel.site/dhan/polls/product/27.html]
[bbs.super-deel.site/dhan/media/polls/images/1_g1cDO9x.jpg]
[bbs.super-deel.site/dhan/polls/product/28.html]
[bbs.super-deel.site/dhan/media/polls/images/1_CkiJBOC.jpg]
[bbs.super-deel.site/dhan/polls/product/8.html]
[bbs.super-deel.site/dhan/media/polls/images/1_nDUy96V.jpg]
[bbs.super-deel.site/dhan/polls/product/9.html]
[bbs.super-deel.site/dhan/media/polls/images/1_1KcLxXw.jpg]
[bbs.super-deel.site/ajax.googleapis.com/ajax/libs/jquery/3.7.1/jquery.min.js]
[bbs.super-deel.site/dhan/index.html]
[bbs.super-deel.site/dhan/static/polls/bootstrap.min.js]
[bbs.super-deel.site/dhan/static/polls/css/bootstrap.min.css]
[bbs.super-deel.site/dhan/static/index.html]
[bbs.super-deel.site/dhan/static/polls/css/style.css]
[bbs.super-deel.site/dhan/static/polls/bars.svg]
[bbs.super-deel.site/dhan/external452e452e452e452e452e452e452e452e452e452e.html]
[bbs.super-deel.site/dhan/static/polls/clock.svg]
[bbs.super-deel.site/dhan/static/polls/images/theme/search.html]
[bbs.super-deel.site/dhan/static/polls/img/love.png]
[bbs.super-deel.site/dhan/static/polls/img/share.png]
[bbs.super-deel.site/dhan/polls/product/external452e452e452e452e452e452e452e452e452e.html]
[bbs.super-deel.site/dhan/media/polls/images/product-29-09-2023-169600969161nzPMNY8zL._SL1500_0MzntAu.jpg]
[bbs.super-deel.site/dhan/media/polls/images/pppp3.jpg]
[bbs.super-deel.site/dhan/static/polls/img/plue-fassured.png]
[bbs.super-deel.site/dhan/static/polls/img/pay-latter.png]
[bbs.super-deel.site/dhan/static/polls/img/replacement.png]
[bbs.super-deel.site/dhan/static/polls/img/non-cod.png]
[bbs.super-deel.site/dhan/media/polls/images/downloadrv_bv8rSZE.jpg]
[bbs.super-deel.site/dhan/polls/product/2.html]
[bbs.super-deel.site/dhan/polls/address/2.html]
[bbs.super-deel.site/dhan/media/polls/images/2.jpg]
[bbs.super-deel.site/dhan/media/polls/images/rv.jpg]
[bbs.super-deel.site/dhan/polls/product/3.html]
[bbs.super-deel.site/dhan/polls/address/3.html]
[bbs.super-deel.site/dhan/media/polls/images/2_VOWDT60.jpg]
[bbs.super-deel.site/dhan/media/polls/images/3.jpg]
[bbs.super-deel.site/dhan/media/polls/images/4.jpg]
[bbs.super-deel.site/dhan/media/polls/images/singham.jpg]
[bbs.super-deel.site/dhan/polls/product/4.html]
[bbs.super-deel.site/dhan/polls/address/4.html]
[bbs.super-deel.site/dhan/media/polls/images/2_UF8vFiF.jpg]
[bbs.super-deel.site/dhan/media/polls/images/3-2.jpg]
[bbs.super-deel.site/dhan/media/polls/images/4-2.jpg]
[bbs.super-deel.site/dhan/media/polls/images/download_rMYhJP3.jpg]
[bbs.super-deel.site/dhan/polls/product/5.html]
[bbs.super-deel.site/dhan/polls/address/5.html]
[bbs.super-deel.site/dhan/media/polls/images/2-2.jpg]
[bbs.super-deel.site/dhan/media/polls/images/3_i2PML8n.jpg]
[bbs.super-deel.site/dhan/media/polls/images/4_cinxpxX.jpg]
[bbs.super-deel.site/dhan/media/polls/images/download_MSKov80.jpg]
[bbs.super-deel.site/dhan/polls/product/6.html]
[bbs.super-deel.site/dhan/polls/address/6.html]
[bbs.super-deel.site/dhan/media/polls/images/2_uMtAbiZ.jpg]
[bbs.super-deel.site/dhan/media/polls/images/3_Yqi1MoJ.jpg]
[bbs.super-deel.site/dhan/media/polls/images/4_CBWvtxm.jpg]
[bbs.super-deel.site/dhan/media/polls/images/download_Xj2qTgj.jpg]
[bbs.super-deel.site/dhan/polls/product/7.html]
[bbs.super-deel.site/dhan/polls/address/7.html]
[bbs.super-deel.site/dhan/media/polls/images/2_YGsTEu0.jpg]
[bbs.super-deel.site/dhan/media/polls/images/3_sqh6TOr.jpg]
[bbs.super-deel.site/dhan/media/polls/images/4_qo5Yh6D.jpg]
[bbs.super-deel.site/dhan/media/polls/images/comimg_mdobJnO.jpg]
[bbs.super-deel.site/dhan/polls/product/10.html]
[bbs.super-deel.site/dhan/polls/address/10.html]
[bbs.super-deel.site/dhan/media/polls/images/2_D6a89Up.jpg]
[bbs.super-deel.site/dhan/media/polls/images/3_IX3vYS9.jpg]
[bbs.super-deel.site/dhan/media/polls/images/4_jSUZbmJ.jpg]
[bbs.super-deel.site/dhan/media/polls/images/sdfgsdfgsdfgsdfg.jpg]
[bbs.super-deel.site/dhan/polls/product/11.html]
[bbs.super-deel.site/dhan/polls/address/11.html]
[bbs.super-deel.site/dhan/media/polls/images/2_hPyOuuD.jpg]
[bbs.super-deel.site/dhan/media/polls/images/3_nrTEy2d.jpg]
[bbs.super-deel.site/dhan/media/polls/images/4_iXpwKZd.jpg]
[bbs.super-deel.site/dhan/media/polls/images/egergwertgqertgwertg.jpg]
[bbs.super-deel.site/dhan/polls/product/12.html]
[bbs.super-deel.site/dhan/polls/address/12.html]
[bbs.super-deel.site/dhan/media/polls/images/2_Si0qIu0.jpg]
[bbs.super-deel.site/dhan/media/polls/images/3_08Ik0Kb.jpg]
[bbs.super-deel.site/dhan/media/polls/images/4_Dsf2NmH.jpg]
[bbs.super-deel.site/dhan/media/polls/images/asoldjfhaosdfoasdjfkl.jpg]
[bbs.super-deel.site/dhan/polls/product/13.html]
[bbs.super-deel.site/dhan/polls/address/13.html]
[bbs.super-deel.site/dhan/media/polls/images/2_e8cbydo.jpg]
[bbs.super-deel.site/dhan/media/polls/images/3_T2rYMmQ.jpg]
[bbs.super-deel.site/dhan/media/polls/images/4_dRl7pWj.jpg]
[bbs.super-deel.site/dhan/media/polls/images/asdfgwerfghweqrtgyqertqertqwert.jpg]
[bbs.super-deel.site/dhan/polls/product/14.html]
[bbs.super-deel.site/dhan/polls/address/14.html]
[bbs.super-deel.site/dhan/media/polls/images/2_U5UEAHZ.jpg]
[bbs.super-deel.site/dhan/media/polls/images/3_uH5XhFy.jpg]
[bbs.super-deel.site/dhan/media/polls/images/4_6yD1R0N.jpg]
[bbs.super-deel.site/dhan/media/polls/images/jgtyujrtyhj.jpg]
[bbs.super-deel.site/dhan/polls/product/15.html]
[bbs.super-deel.site/dhan/polls/address/15.html]
[bbs.super-deel.site/dhan/media/polls/images/2_iNuYxji.jpg]
[bbs.super-deel.site/dhan/media/polls/images/3_VNrXH7N.jpg]
[bbs.super-deel.site/dhan/media/polls/images/4_7Fa1sJf.jpg]
[bbs.super-deel.site/dhan/media/polls/images/fasdfasdfasdf.jpg]
[bbs.super-deel.site/dhan/polls/product/16.html]
[bbs.super-deel.site/dhan/polls/address/16.html]
[bbs.super-deel.site/dhan/media/polls/images/2_lTM06GJ.jpg]
[bbs.super-deel.site/dhan/media/polls/images/3_PhSKO3Q.jpg]
[bbs.super-deel.site/dhan/media/polls/images/4_1u3wwS3.jpg]
[bbs.super-deel.site/dhan/media/polls/images/asdfgawedtgqerg.jpg]
[bbs.super-deel.site/dhan/polls/product/17.html]
[bbs.super-deel.site/dhan/polls/address/17.html]
[bbs.super-deel.site/dhan/media/polls/images/2_4PyO3QZ.jpg]
[bbs.super-deel.site/dhan/media/polls/images/3_u5epYVp.jpg]
[bbs.super-deel.site/dhan/media/polls/images/4_cNqe77C.jpg]
[bbs.super-deel.site/dhan/media/polls/images/5.jpg]
[bbs.super-deel.site/dhan/polls/product/18.html]
[bbs.super-deel.site/dhan/polls/address/18.html]
[bbs.super-deel.site/dhan/media/polls/images/2_6gRjBdE.jpg]
[bbs.super-deel.site/dhan/media/polls/images/3_HWFqUtm.jpg]
[bbs.super-deel.site/dhan/media/polls/images/4_Q6IG9su.jpg]
[bbs.super-deel.site/dhan/media/polls/images/5_3kjoVph.jpg]
[bbs.super-deel.site/dhan/polls/product/19.html]
[bbs.super-deel.site/dhan/polls/address/19.html]
[bbs.super-deel.site/dhan/media/polls/images/2_aICeceX.jpg]
[bbs.super-deel.site/dhan/media/polls/images/3_vId96U6.jpg]
[bbs.super-deel.site/dhan/media/polls/images/4_AM7ZXq8.jpg]
[bbs.super-deel.site/dhan/media/polls/images/5_JxoDcj6.jpg]
[bbs.super-deel.site/dhan/polls/product/20.html]
[bbs.super-deel.site/dhan/polls/address/20.html]
[bbs.super-deel.site/dhan/media/polls/images/2_50M3y1m.jpg]
[bbs.super-deel.site/dhan/media/polls/images/3_ZmRTMoI.jpg]
[bbs.super-deel.site/dhan/media/polls/images/4_P9ZOvKb.jpg]
[bbs.super-deel.site/dhan/media/polls/images/5_GfSPSUE.jpg]
[bbs.super-deel.site/dhan/polls/product/21.html]
[bbs.super-deel.site/dhan/polls/address/21.html]
[bbs.super-deel.site/dhan/media/polls/images/2_XMXH97z.jpg]
[bbs.super-deel.site/dhan/media/polls/images/3_KKCkMym.jpg]
[bbs.super-deel.site/dhan/media/polls/images/4_uPwj8qm.jpg]
[bbs.super-deel.site/dhan/media/polls/images/5_j8KBX7g.jpg]
[bbs.super-deel.site/dhan/polls/product/22.html]
[bbs.super-deel.site/dhan/polls/address/22.html]
[bbs.super-deel.site/dhan/media/polls/images/2_jfPeROb.jpg]
[bbs.super-deel.site/dhan/media/polls/images/3_Ti16Siy.jpg]
[bbs.super-deel.site/dhan/media/polls/images/4_Ji1cWGy.jpg]
[bbs.super-deel.site/dhan/media/polls/images/5_hxwqr2O.jpg]
[bbs.super-deel.site/dhan/polls/product/23.html]
[bbs.super-deel.site/dhan/polls/address/23.html]
[bbs.super-deel.site/dhan/media/polls/images/2_upfDECW.jpg]
[bbs.super-deel.site/dhan/media/polls/images/3_Q4rP0Ti.jpg]
[bbs.super-deel.site/dhan/media/polls/images/4_fjgS9Zn.jpg]
[bbs.super-deel.site/dhan/media/polls/images/5_xrOmAuJ.jpg]
[bbs.super-deel.site/dhan/polls/product/25.html]
[bbs.super-deel.site/dhan/polls/address/25.html]
[bbs.super-deel.site/dhan/media/polls/images/2_Ykr4oNs.jpg]
[bbs.super-deel.site/dhan/media/polls/images/3_KTWUBhm.jpg]
[bbs.super-deel.site/dhan/media/polls/images/4_RX20Ifo.jpg]
[bbs.super-deel.site/dhan/polls/product/26.html]
[bbs.super-deel.site/dhan/polls/address/26.html]
[bbs.super-deel.site/dhan/media/polls/images/2_RqMK7SK.jpg]
[bbs.super-deel.site/dhan/media/polls/images/3_GTp1WJt.jpg]
[bbs.super-deel.site/dhan/media/polls/images/4_9I0HWOF.jpg]
[bbs.super-deel.site/dhan/polls/product/27.html]
[bbs.super-deel.site/dhan/polls/address/27.html]
[bbs.super-deel.site/dhan/media/polls/images/2_l6uV8Ve.jpg]
[bbs.super-deel.site/dhan/media/polls/images/3_GpF33od.jpg]
[bbs.super-deel.site/dhan/media/polls/images/4_IurXEKW.jpg]
[bbs.super-deel.site/dhan/polls/product/28.html]
[bbs.super-deel.site/dhan/polls/address/28.html]
[bbs.super-deel.site/dhan/media/polls/images/2_zaopEMa.jpg]
[bbs.super-deel.site/dhan/media/polls/images/3_8LJv0rT.jpg]
[bbs.super-deel.site/dhan/media/polls/images/4_g101DLF.jpg]
[bbs.super-deel.site/dhan/media/polls/images/download_HuVqBZD.jpg]
[bbs.super-deel.site/dhan/polls/product/8.html]
[bbs.super-deel.site/dhan/polls/address/8.html]
[bbs.super-deel.site/dhan/media/polls/images/2_rqBuGtC.jpg]
[bbs.super-deel.site/dhan/media/polls/images/3_mXOWu0y.jpg]
[bbs.super-deel.site/dhan/media/polls/images/4_ninZtbt.jpg]
[bbs.super-deel.site/dhan/media/polls/images/download_A9jX8AJ.jpg]
[bbs.super-deel.site/dhan/polls/product/9.html]
[bbs.super-deel.site/ajax.googleapis.com/ajax/libs/jquery/3.7.1/jquery.min.html]
[bbs.super-deel.site/dhan/static/index.html]
[bbs.super-deel.site/dhan/static/polls/images/theme/search.html]
[bbs.super-deel.site/dhan/polls/product/external452e452e452e452e452e452e452e452e452e.html]
[bbs.super-deel.site/dhan/polls/address/9.html]
[bbs.super-deel.site/dhan/polls/address/2.html]
[bbs.super-deel.site/dhan/polls/order/2.html]
[bbs.super-deel.site/dhan/polls/address/3.html]
[bbs.super-deel.site/dhan/polls/order/3.html]
[bbs.super-deel.site/dhan/polls/address/4.html]
[bbs.super-deel.site/dhan/polls/order/4.html]
[bbs.super-deel.site/dhan/polls/address/5.html]
[bbs.super-deel.site/dhan/polls/order/5.html]
[bbs.super-deel.site/dhan/polls/address/6.html]
[bbs.super-deel.site/dhan/polls/order/6.html]
[bbs.super-deel.site/dhan/polls/address/7.html]
[bbs.super-deel.site/dhan/polls/order/7.html]
[bbs.super-deel.site/dhan/polls/address/10.html]
[bbs.super-deel.site/dhan/polls/order/10.html]
[bbs.super-deel.site/dhan/polls/address/11.html]
[bbs.super-deel.site/dhan/polls/order/11.html]
[bbs.super-deel.site/dhan/polls/address/12.html]
[bbs.super-deel.site/dhan/polls/order/12.html]
[bbs.super-deel.site/dhan/polls/address/13.html]
[bbs.super-deel.site/dhan/polls/order/13.html]
[bbs.super-deel.site/dhan/polls/address/14.html]
[bbs.super-deel.site/dhan/polls/order/14.html]
[bbs.super-deel.site/dhan/polls/address/15.html]
[bbs.super-deel.site/dhan/polls/order/15.html]
[bbs.super-deel.site/dhan/polls/address/16.html]
[bbs.super-deel.site/dhan/polls/order/16.html]
[bbs.super-deel.site/dhan/polls/address/17.html]
[bbs.super-deel.site/dhan/polls/order/17.html]
[bbs.super-deel.site/dhan/polls/address/18.html]
[bbs.super-deel.site/dhan/polls/order/18.html]
[bbs.super-deel.site/dhan/polls/address/19.html]
[bbs.super-deel.site/dhan/polls/order/19.html]
[bbs.super-deel.site/dhan/polls/address/20.html]
[bbs.super-deel.site/dhan/polls/order/20.html]
[bbs.super-deel.site/dhan/polls/address/21.html]
[bbs.super-deel.site/dhan/polls/order/21.html]
[bbs.super-deel.site/dhan/polls/address/22.html]
[bbs.super-deel.site/dhan/polls/order/22.html]
[bbs.super-deel.site/dhan/polls/address/23.html]
[bbs.super-deel.site/dhan/polls/order/23.html]
[bbs.super-deel.site/dhan/polls/address/25.html]
[bbs.super-deel.site/dhan/polls/order/25.html]
[bbs.super-deel.site/dhan/polls/address/26.html]
[bbs.super-deel.site/dhan/polls/order/26.html]
[bbs.super-deel.site/dhan/polls/address/27.html]
[bbs.super-deel.site/dhan/polls/order/27.html]
[bbs.super-deel.site/dhan/polls/address/28.html]
[bbs.super-deel.site/dhan/polls/order/28.html]
[bbs.super-deel.site/dhan/polls/address/8.html]
[bbs.super-deel.site/dhan/polls/order/8.html]
[bbs.super-deel.site/dhan/polls/address/9.html]
[bbs.super-deel.site/dhan/polls/order/9.html]
[bbs.super-deel.site/dhan/static/polls/img/progress-indicator-summary.png]
[bbs.super-deel.site/dhan/static/polls/img/secure.jpg]
[bbs.super-deel.site/dhan/polls/order/2.html]
[bbs.super-deel.site/dhan/polls/payment/2.html]
[bbs.super-deel.site/dhan/polls/order/3.html]
[bbs.super-deel.site/dhan/polls/payment/3.html]
[bbs.super-deel.site/dhan/polls/order/4.html]
[bbs.super-deel.site/dhan/polls/payment/4.html]
[bbs.super-deel.site/dhan/polls/order/5.html]
[bbs.super-deel.site/dhan/polls/payment/5.html]
[bbs.super-deel.site/dhan/polls/order/6.html]
[bbs.super-deel.site/dhan/polls/payment/6.html]
[bbs.super-deel.site/dhan/polls/order/7.html]
[bbs.super-deel.site/dhan/polls/payment/7.html]
[bbs.super-deel.site/dhan/polls/order/10.html]
[bbs.super-deel.site/dhan/polls/payment/10.html]
[bbs.super-deel.site/dhan/polls/order/11.html]
[bbs.super-deel.site/dhan/polls/payment/11.html]
[bbs.super-deel.site/dhan/polls/order/12.html]
[bbs.super-deel.site/dhan/polls/payment/12.html]
[bbs.super-deel.site/dhan/polls/order/13.html]
[bbs.super-deel.site/dhan/polls/payment/13.html]
[bbs.super-deel.site/dhan/polls/order/14.html]
[bbs.super-deel.site/dhan/polls/payment/14.html]
[bbs.super-deel.site/dhan/polls/order/15.html]
[bbs.super-deel.site/dhan/polls/payment/15.html]
[bbs.super-deel.site/dhan/polls/order/16.html]
[bbs.super-deel.site/dhan/polls/payment/16.html]
[bbs.super-deel.site/dhan/polls/order/17.html]
[bbs.super-deel.site/dhan/polls/payment/17.html]
[bbs.super-deel.site/dhan/polls/order/18.html]
[bbs.super-deel.site/dhan/polls/payment/18.html]
[bbs.super-deel.site/dhan/polls/order/19.html]
[bbs.super-deel.site/dhan/polls/payment/19.html]
[bbs.super-deel.site/dhan/polls/order/20.html]
[bbs.super-deel.site/dhan/polls/payment/20.html]
[bbs.super-deel.site/dhan/polls/order/21.html]
[bbs.super-deel.site/dhan/polls/payment/21.html]
[bbs.super-deel.site/dhan/polls/order/22.html]
[bbs.super-deel.site/dhan/polls/payment/22.html]
[bbs.super-deel.site/dhan/polls/order/23.html]
[bbs.super-deel.site/dhan/polls/payment/23.html]
[bbs.super-deel.site/dhan/polls/order/25.html]
[bbs.super-deel.site/dhan/polls/payment/25.html]
[bbs.super-deel.site/dhan/polls/order/26.html]
[bbs.super-deel.site/dhan/polls/payment/26.html]
[bbs.super-deel.site/dhan/polls/order/27.html]
[bbs.super-deel.site/dhan/polls/payment/27.html]
[bbs.super-deel.site/dhan/polls/order/28.html]
[bbs.super-deel.site/dhan/polls/payment/28.html]
[bbs.super-deel.site/dhan/polls/order/8.html]
[bbs.super-deel.site/dhan/polls/payment/8.html]
[bbs.super-deel.site/dhan/polls/order/9.html]
[bbs.super-deel.site/dhan/polls/payment/9.html]
[bbs.super-deel.site/dhan/static/polls/img/phonepe.svg]
[bbs.super-deel.site/dhan/static/polls/img/paytm.svg]
[bbs.super-deel.site/dhan/polls/payment/gpay.png]
[bbs.super-deel.site/dhan/static/polls/img/bhim.svg]
[bbs.super-deel.site/dhan/static/polls/secure.png]
[bbs.super-deel.site/dhan/static/polls/img/safety-label-badge.jpg]
[bbs.super-deel.site/dhan/polls/payment/2.html]
[bbs.super-deel.site/dhan/polls/payment/3.html]
[bbs.super-deel.site/dhan/polls/payment/4.html]
[bbs.super-deel.site/dhan/polls/payment/5.html]
[bbs.super-deel.site/dhan/polls/payment/6.html]
[bbs.super-deel.site/dhan/polls/payment/7.html]
[bbs.super-deel.site/dhan/polls/payment/10.html]
[bbs.super-deel.site/dhan/polls/payment/11.html]
[bbs.super-deel.site/dhan/polls/payment/12.html]
[bbs.super-deel.site/dhan/polls/payment/13.html]
[bbs.super-deel.site/dhan/polls/payment/14.html]
[bbs.super-deel.site/dhan/polls/payment/15.html]
[bbs.super-deel.site/dhan/polls/payment/16.html]
[bbs.super-deel.site/dhan/polls/payment/17.html]
[bbs.super-deel.site/dhan/polls/payment/18.html]
[bbs.super-deel.site/dhan/polls/payment/19.html]
[bbs.super-deel.site/dhan/polls/payment/20.html]
[bbs.super-deel.site/dhan/polls/payment/21.html]
[bbs.super-deel.site/dhan/polls/payment/22.html]
[bbs.super-deel.site/dhan/polls/payment/23.html]
[bbs.super-deel.site/dhan/polls/payment/25.html]
[bbs.super-deel.site/dhan/polls/payment/26.html]
[bbs.super-deel.site/dhan/polls/payment/27.html]
[bbs.super-deel.site/dhan/polls/payment/28.html]
[bbs.super-deel.site/dhan/polls/payment/8.html]
[bbs.super-deel.site/dhan/polls/payment/9.html]
[bbs.super-deel.site/dhan/static/polls/img/phonepe.svg]
[bbs.super-deel.site/dhan/static/polls/img/paytm.svg]
[bbs.super-deel.site/dhan/static/polls/img/bhim.svg]
